digraph CFG
{
  "6[C[j * ldc + i] = C[j * ldc + i] + alpha * A[l * lda + i] * B[j * ldb + l];{C[j * ldc + i] = C[j * ldc + i] + alpha * A[l * lda + i] * B[j * ldb + l];}]"->"0[for(j = 0;j <= - 1 + N;j += 1) {for(i = 0;i <= - 1 + M;i += 1) {C[j * ldc + i] = beta * C[j * ldc + i];for(l = 0;l <= - 1 + K;l += 1) {C[j * ldc + i] = C[j * ldc + i] + alpha * A[l * lda + i] * B[j * ldb + l];}}}j = 0;;j = 0;]"
  "6[C[j * ldc + i] = C[j * ldc + i] + alpha * A[l * lda + i] * B[j * ldb + l];{C[j * ldc + i] = C[j * ldc + i] + alpha * A[l * lda + i] * B[j * ldb + l];}]"->"2[for(i = 0;i <= - 1 + M;i += 1) {C[j * ldc + i] = beta * C[j * ldc + i];for(l = 0;l <= - 1 + K;l += 1) {C[j * ldc + i] = C[j * ldc + i] + alpha * A[l * lda + i] * B[j * ldb + l];}}i = 0;;i = 0;]"
  "6[C[j * ldc + i] = C[j * ldc + i] + alpha * A[l * lda + i] * B[j * ldb + l];{C[j * ldc + i] = C[j * ldc + i] + alpha * A[l * lda + i] * B[j * ldb + l];}]"->"4[for(l = 0;l <= - 1 + K;l += 1) {C[j * ldc + i] = C[j * ldc + i] + alpha * A[l * lda + i] * B[j * ldb + l];}l = 0;;l = 0;]"
  "4[for(l = 0;l <= - 1 + K;l += 1) {C[j * ldc + i] = C[j * ldc + i] + alpha * A[l * lda + i] * B[j * ldb + l];}l = 0;;l = 0;]"->"6[C[j * ldc + i] = C[j * ldc + i] + alpha * A[l * lda + i] * B[j * ldb + l];{C[j * ldc + i] = C[j * ldc + i] + alpha * A[l * lda + i] * B[j * ldb + l];}]"
  "3[C[j * ldc + i] = beta * C[j * ldc + i];]"->"4[for(l = 0;l <= - 1 + K;l += 1) {C[j * ldc + i] = C[j * ldc + i] + alpha * A[l * lda + i] * B[j * ldb + l];}l = 0;;l = 0;]"
  "2[for(i = 0;i <= - 1 + M;i += 1) {C[j * ldc + i] = beta * C[j * ldc + i];for(l = 0;l <= - 1 + K;l += 1) {C[j * ldc + i] = C[j * ldc + i] + alpha * A[l * lda + i] * B[j * ldb + l];}}i = 0;;i = 0;]"->"3[C[j * ldc + i] = beta * C[j * ldc + i];]"
  "1[{for(i = 0;i <= - 1 + M;i += 1) {C[j * ldc + i] = beta * C[j * ldc + i];for(l = 0;l <= - 1 + K;l += 1) {C[j * ldc + i] = C[j * ldc + i] + alpha * A[l * lda + i] * B[j * ldb + l];}}}]"->"2[for(i = 0;i <= - 1 + M;i += 1) {C[j * ldc + i] = beta * C[j * ldc + i];for(l = 0;l <= - 1 + K;l += 1) {C[j * ldc + i] = C[j * ldc + i] + alpha * A[l * lda + i] * B[j * ldb + l];}}i = 0;;i = 0;]"
  "0[for(j = 0;j <= - 1 + N;j += 1) {for(i = 0;i <= - 1 + M;i += 1) {C[j * ldc + i] = beta * C[j * ldc + i];for(l = 0;l <= - 1 + K;l += 1) {C[j * ldc + i] = C[j * ldc + i] + alpha * A[l * lda + i] * B[j * ldb + l];}}}j = 0;;j = 0;]"->"1[{for(i = 0;i <= - 1 + M;i += 1) {C[j * ldc + i] = beta * C[j * ldc + i];for(l = 0;l <= - 1 + K;l += 1) {C[j * ldc + i] = C[j * ldc + i] + alpha * A[l * lda + i] * B[j * ldb + l];}}}]"
}